// Jest Snapshot v1, https://goo.gl/fbAQLP

exports[`passes 1`] = `
Object {
  "devtool": "eval",
  "mode": "development",
  "node": Object {
    "fs": "empty",
    "net": "empty",
    "path": "empty",
    "process": true,
    "querystring": "empty",
    "tls": "empty",
    "url": "empty",
    "vm": "empty",
  },
  "optimization": Object {
    "chunkIds": "named",
    "moduleIds": "hashed",
    "removeAvailableModules": false,
    "removeEmptyChunks": false,
  },
  "output": Object {
    "pathinfo": false,
    "publicPath": "/public/",
  },
  "performance": Object {
    "hints": false,
  },
  "plugins": Array [
    LoaderOptionsPlugin {
      "options": Object {
        "debug": true,
        "minimize": false,
        "test": Object {
          "test": [Function],
        },
      },
    },
  ],
  "resolve": Object {
    "descriptionFiles": Array [
      "package.json",
    ],
    "extensions": Array [
      ".mjs",
      ".js",
      ".jsx",
      ".ts",
      ".tsx",
    ],
    "mainFields": Array [
      "browser",
      "module",
      "jsnext",
      "esnext",
      "jsnext:main",
      "main",
    ],
    "modules": Array [
      "node_modules",
    ],
    "symlinks": false,
  },
  "resolveLoader": Object {
    "moduleExtensions": Array [
      "-loader",
    ],
    "modules": Array [
      "node_modules",
    ],
  },
  "target": "web",
}
`;
